// Jest Snapshot v1, https://goo.gl/fbAQLP

exports[`ImageCompareCardSkeleton (T8.3) matches the structural snapshot for the default (non-reduce-motion) state 1`] = `
<View
  accessibilityLabel="chat.enrichment.skeleton_loading"
  accessibilityRole="progressbar"
  accessible={true}
  style={
    {
      "borderRadius": 8,
      "marginEnd": 8,
      "minHeight": 260,
      "overflow": "hidden",
      "width": 220,
    }
  }
>
  <View
    accessibilityRole="image"
    accessible={true}
    collapsable={false}
    style={
      {
        "backgroundColor": "rgba(255,255,255,0.64)",
        "borderTopLeftRadius": 8,
        "borderTopRightRadius": 8,
        "height": 140,
        "opacity": 0.45,
        "width": 220,
      }
    }
  />
  <View
    style={
      {
        "gap": 8,
        "paddingHorizontal": 16,
        "paddingVertical": 12,
      }
    }
  >
    <View
      style={
        [
          {
            "borderRadius": 6,
            "height": 12,
          },
          {
            "backgroundColor": "rgba(255,255,255,0.64)",
            "width": "80%",
          },
        ]
      }
    />
    <View
      style={
        [
          {
            "borderRadius": 6,
            "height": 12,
          },
          {
            "backgroundColor": "rgba(255,255,255,0.64)",
            "width": "55%",
          },
        ]
      }
    />
    <View
      style={
        [
          {
            "borderRadius": 6,
            "height": 12,
          },
          {
            "backgroundColor": "rgba(255,255,255,0.64)",
            "width": "95%",
          },
        ]
      }
    />
  </View>
</View>
`;
